// Jest Snapshot v1, https://goo.gl/fbAQLP

exports[`FrontPage FrontPage should render 1`] = `
<pure(Component)
  dispatch={[Function]}
  isActive={false}
/>
`;

exports[`FrontPage FrontPageInner should render 1`] = `
<main
  className="frontPage isActive"
>
  <div
    className="header"
  >
    <div
      className="text isActive"
    >
      <h1
        className="headerTitle"
      >
         React.js Videos
      </h1>
      <p
        className="headerText"
      >
         Search React.js conference videos. 
      </p>
      <p
        className="headerText contribute"
      >
         Contribute 
        <a
          className="contributeLink"
          href="https://github.com/simonccarter/react-conf-videos"
        >
          here
        </a>
        .
      </p>
    </div>
  </div>
  <Connect(pure(Component)) />
</main>
`;
